
SHUVO@DESKTOP-G31KOJ5 MINGW64 ~/Desktop/sss
$ touch index.html

SHUVO@DESKTOP-G31KOJ5 MINGW64 ~/Desktop/sss
$ touch app.js

SHUVO@DESKTOP-G31KOJ5 MINGW64 ~/Desktop/sss
$ git init
Initialized empty Git repository in C:/Users/SHUVO/Desktop/sss/.git/

SHUVO@DESKTOP-G31KOJ5 MINGW64 ~/Desktop/sss (master)
$ git config --global user.name 'SSS'

SHUVO@DESKTOP-G31KOJ5 MINGW64 ~/Desktop/sss (master)
$ git config --global user.email 'SSS@gmail.com'

SHUVO@DESKTOP-G31KOJ5 MINGW64 ~/Desktop/sss (master)
$ git add index.html

SHUVO@DESKTOP-G31KOJ5 MINGW64 ~/Desktop/sss (master)
$ git status
On branch master

No commits yet

Changes to be committed:
  (use "git rm --cached <file>..." to unstage)

        new file:   index.html

Untracked files:
  (use "git add <file>..." to include in what will be committed)

        app.js


SHUVO@DESKTOP-G31KOJ5 MINGW64 ~/Desktop/sss (master)
$ git rm --cached index.html
rm 'index.html'

SHUVO@DESKTOP-G31KOJ5 MINGW64 ~/Desktop/sss (master)
$ git status
On branch master

No commits yet

Untracked files:
  (use "git add <file>..." to include in what will be committed)

        app.js
        index.html

nothing added to commit but untracked files present (use "git add" to track)

SHUVO@DESKTOP-G31KOJ5 MINGW64 ~/Desktop/sss (master)
$ git add *.html

SHUVO@DESKTOP-G31KOJ5 MINGW64 ~/Desktop/sss (master)
$ git status
On branch master

No commits yet

Changes to be committed:
  (use "git rm --cached <file>..." to unstage)

        new file:   index.html

Untracked files:
  (use "git add <file>..." to include in what will be committed)

        app.js


SHUVO@DESKTOP-G31KOJ5 MINGW64 ~/Desktop/sss (master)
$ git rm --cached index.html
rm 'index.html'

SHUVO@DESKTOP-G31KOJ5 MINGW64 ~/Desktop/sss (master)
$ git status
On branch master

No commits yet

Untracked files:
  (use "git add <file>..." to include in what will be committed)

        app.js
        index.html

nothing added to commit but untracked files present (use "git add" to track)

SHUVO@DESKTOP-G31KOJ5 MINGW64 ~/Desktop/sss (master)
$ git add *

SHUVO@DESKTOP-G31KOJ5 MINGW64 ~/Desktop/sss (master)
$ git status
On branch master

No commits yet

Changes to be committed:
  (use "git rm --cached <file>..." to unstage)

        new file:   app.js
        new file:   index.html


SHUVO@DESKTOP-G31KOJ5 MINGW64 ~/Desktop/sss (master)
$ git status
On branch master

No commits yet

Changes to be committed:
  (use "git rm --cached <file>..." to unstage)

        new file:   app.js
        new file:   index.html

Changes not staged for commit:
  (use "git add <file>..." to update what will be committed)
  (use "git checkout -- <file>..." to discard changes in working directory)

        modified:   index.html


SHUVO@DESKTOP-G31KOJ5 MINGW64 ~/Desktop/sss (master)
$ git add .

SHUVO@DESKTOP-G31KOJ5 MINGW64 ~/Desktop/sss (master)
$ git commit
[master (root-commit) 5333f6e]  Initial commit
 2 files changed, 5 insertions(+)
 create mode 100644 app.js
 create mode 100644 index.html

SHUVO@DESKTOP-G31KOJ5 MINGW64 ~/Desktop/sss (master)
$ git status
On branch master
nothing to commit, working tree clean

SHUVO@DESKTOP-G31KOJ5 MINGW64 ~/Desktop/sss (master)
$ git status
On branch master
Changes not staged for commit:
  (use "git add <file>..." to update what will be committed)
  (use "git checkout -- <file>..." to discard changes in working directory)

        modified:   app.js

no changes added to commit (use "git add" and/or "git commit -a")

SHUVO@DESKTOP-G31KOJ5 MINGW64 ~/Desktop/sss (master)
$ git add .

SHUVO@DESKTOP-G31KOJ5 MINGW64 ~/Desktop/sss (master)
$ git status
On branch master
Changes to be committed:
  (use "git reset HEAD <file>..." to unstage)

        modified:   app.js


SHUVO@DESKTOP-G31KOJ5 MINGW64 ~/Desktop/sss (master)
$ git commit -m 'Changed app.js'
[master 7743885] Changed app.js
 1 file changed, 1 insertion(+)

SHUVO@DESKTOP-G31KOJ5 MINGW64 ~/Desktop/sss (master)
$ touch .gitignore

SHUVO@DESKTOP-G31KOJ5 MINGW64 ~/Desktop/sss (master)
$ touch log.txt

SHUVO@DESKTOP-G31KOJ5 MINGW64 ~/Desktop/sss (master)
$ git add .

SHUVO@DESKTOP-G31KOJ5 MINGW64 ~/Desktop/sss (master)
$ git status
On branch master
Changes to be committed:
  (use "git reset HEAD <file>..." to unstage)

        new file:   .gitignore


SHUVO@DESKTOP-G31KOJ5 MINGW64 ~/Desktop/sss (master)
$ git add .

SHUVO@DESKTOP-G31KOJ5 MINGW64 ~/Desktop/sss (master)
$ git status
On branch master
Changes to be committed:
  (use "git reset HEAD <file>..." to unstage)

        new file:   .gitignore
        new file:   dir1/app1.js


SHUVO@DESKTOP-G31KOJ5 MINGW64 ~/Desktop/sss (master)
$ git branch login

SHUVO@DESKTOP-G31KOJ5 MINGW64 ~/Desktop/sss (master)
$ git commit -m 'anothrer change'
[master 3d6daa7] anothrer change
 2 files changed, 3 insertions(+)
 create mode 100644 .gitignore
 create mode 100644 dir1/app1.js

SHUVO@DESKTOP-G31KOJ5 MINGW64 ~/Desktop/sss (master)
$ git checkout login
Switched to branch 'login'

SHUVO@DESKTOP-G31KOJ5 MINGW64 ~/Desktop/sss (login)
$ touch login.html

SHUVO@DESKTOP-G31KOJ5 MINGW64 ~/Desktop/sss (login)
$ git add .

SHUVO@DESKTOP-G31KOJ5 MINGW64 ~/Desktop/sss (login)
$ git commit -m 'login form'
[login 5193edf] login form
 4 files changed, 4 insertions(+), 1 deletion(-)
 create mode 100644 dir2/app2.js
 create mode 100644 log.txt
 create mode 100644 login.html

SHUVO@DESKTOP-G31KOJ5 MINGW64 ~/Desktop/sss (login)
$ git checkout master
Switched to branch 'master'

SHUVO@DESKTOP-G31KOJ5 MINGW64 ~/Desktop/sss (master)
$ git merge login
Merge made by the 'recursive' strategy.
 dir2/app2.js | 1 +
 index.html   | 3 ++-
 log.txt      | 0
 login.html   | 1 +
 4 files changed, 4 insertions(+), 1 deletion(-)
 create mode 100644 dir2/app2.js
 create mode 100644 log.txt
 create mode 100644 login.html

SHUVO@DESKTOP-G31KOJ5 MINGW64 ~/Desktop/sss (master)
$ git remote

SHUVO@DESKTOP-G31KOJ5 MINGW64 ~/Desktop/sss (master)
$ git remote add origin https://github.com/PSYCHAMERON/test.git

SHUVO@DESKTOP-G31KOJ5 MINGW64 ~/Desktop/sss (master)
$ git remote
origin

SHUVO@DESKTOP-G31KOJ5 MINGW64 ~/Desktop/sss (master)
$ git push -u origin master
fatal: TaskCanceledException encountered.
   A task was canceled.
Username for 'https://github.com': PSYCHAMERON
Enumerating objects: 20, done.
Counting objects: 100% (20/20), done.
Delta compression using up to 6 threads.
Compressing objects: 100% (12/12), done.
Writing objects: 100% (20/20), 1.57 KiB | 267.00 KiB/s, done.
Total 20 (delta 2), reused 0 (delta 0)
remote: Resolving deltas: 100% (2/2), done.
remote:
remote: Create a pull request for 'master' on GitHub by visiting:
remote:      https://github.com/PSYCHAMERON/test/pull/new/master
remote:
To https://github.com/PSYCHAMERON/test.git
 * [new branch]      master -> master
Branch 'master' set up to track remote branch 'master' from 'origin'.

SHUVO@DESKTOP-G31KOJ5 MINGW64 ~/Desktop/sss (master)
$ touch amarapp.md

SHUVO@DESKTOP-G31KOJ5 MINGW64 ~/Desktop/sss (master)
$ git add .

SHUVO@DESKTOP-G31KOJ5 MINGW64 ~/Desktop/sss (master)
$ git commit
[master 8306bdc] added readme
 1 file changed, 2 insertions(+)
 create mode 100644 amarapp.md

SHUVO@DESKTOP-G31KOJ5 MINGW64 ~/Desktop/sss (master)
$ git push
Enumerating objects: 4, done.
Counting objects: 100% (4/4), done.
Delta compression using up to 6 threads.
Compressing objects: 100% (2/2), done.
Writing objects: 100% (3/3), 278 bytes | 278.00 KiB/s, done.
Total 3 (delta 1), reused 0 (delta 0)
remote: Resolving deltas: 100% (1/1), completed with 1 local object.
To https://github.com/PSYCHAMERON/test.git
   7d656d5..8306bdc  master -> master

SHUVO@DESKTOP-G31KOJ5 MINGW64 ~/Desktop/sss (master)
$ git status
On branch master
Your branch is up to date with 'origin/master'.

nothing to commit, working tree clean

SHUVO@DESKTOP-G31KOJ5 MINGW64 ~/Desktop/sss (master)
$ git push
fatal: TaskCanceledException encountered.
   A task was canceled.
Username for 'https://github.com': PSYCHAMERON
Everything up-to-date

SHUVO@DESKTOP-G31KOJ5 MINGW64 ~/Desktop/sss (master)
$
